../Core/Src/main.c:31:5:__io_putchar	16	static
../Core/Src/main.c:41:6:delay_us	16	static
../Core/Src/main.c:53:9:DS18B20_Start	40	static
../Core/Src/main.c:81:6:DS18B20_Write	40	static
../Core/Src/main.c:102:9:DS18B20_Read	40	static
../Core/Src/main.c:125:7:DS18B20_GetTemp	24	static
../Core/Src/main.c:191:5:main	16	static
../Core/Src/main.c:284:6:SystemClock_Config	128	static
../Core/Src/main.c:371:13:MX_TIM2_Init	32	static
../Core/Src/main.c:410:13:MX_USART2_UART_Init	8	static
../Core/Src/main.c:445:13:MX_GPIO_Init	48	static
../Core/Src/main.c:484:6:Error_Handler	8	static,ignoring_inline_asm
