../Drivers/STM32WLxx_HAL_Driver/Inc/stm32wlxx_ll_bus.h:449:22:LL_AHB2_GRP1_EnableClock	24	static
../Core/Src/main.c:47:5:_write	24	static
../Core/Src/main.c:53:6:delay_us	16	static
../Core/Src/main.c:67:9:DS18B20_Start	32	static
../Core/Src/main.c:92:6:DS18B20_Write	40	static
../Core/Src/main.c:119:9:DS18B20_Read	40	static
../Core/Src/main.c:146:7:DS18B20_GetTemp	16	static
../Core/Src/main.c:175:5:main	64	static
../Core/Src/main.c:226:6:SystemClock_Config	104	static
../Core/Src/main.c:265:13:MX_TIM2_Init	40	static
../Core/Src/main.c:383:13:MX_USART2_UART_Init	8	static
../Core/Src/main.c:428:13:MX_GPIO_Init	32	static
../Core/Src/main.c:458:6:Error_Handler	4	static
